[rlwebdev.github.io/deloitte_demo/index.html]
[backblue.gif]
[fade.gif]
[index.html]
[cdnjs.cloudflare.com/ajax/libs/materialize/1.0.0-rc.2/css/materialize.min.css]
[cdnjs.cloudflare.com/ajax/libs/venobox/1.8.3/venobox.min.css]
[rlwebdev.github.io/deloitte_demo/lib/styles.css]
[rlwebdev.github.io/deloitte_demo/digital-learning-framework/video.mp4]
[rlwebdev.github.io/deloitte_demo/pme-quali/video.mp4]
[rlwebdev.github.io/deloitte_demo/pme-quali/pmequali.pptx]
[rlwebdev.github.io/deloitte_demo/images/wbt_instructional_design.png]
[rlwebdev.github.io/deloitte_demo/images/mobile_learning_design_guide.jpg]
[rlwebdev.github.io/deloitte_demo/mobile-learning-guide/mobile-learning-design-guide.pdf]
[rlwebdev.github.io/deloitte_demo/digital-business-models/index.html]
[rlwebdev.github.io/deloitte_demo/images/best_finance.jpg]
[rlwebdev.github.io/deloitte_demo/images/prozesskette.png]
[rlwebdev.github.io/deloitte_demo/images/myfeedback_chat.jpg]
[rlwebdev.github.io/deloitte_demo/images/myfeedback01-01-02.jpg]
[rlwebdev.github.io/deloitte_demo/images/myfeedback02-01-01.jpg]
[rlwebdev.github.io/deloitte_demo/images/myfeedback02-02-01.jpg]
[rlwebdev.github.io/deloitte_demo/images/myfeedback03-02-02.jpg]
[code.jquery.com/jquery-3.3.1.min.js]
[cdnjs.cloudflare.com/ajax/libs/popper.js/1.14.3/umd/popper.min.js]
[stackpath.bootstrapcdn.com/bootstrap/4.1.1/js/bootstrap.min.js]
[cdnjs.cloudflare.com/ajax/libs/materialize/1.0.0-rc.2/js/materialize.min.js]
[cdnjs.cloudflare.com/ajax/libs/venobox/1.8.3/venobox.min.js]
[rlwebdev.github.io/deloitte_demo/lib/common.js]
[rlwebdev.github.io/deloitte_demo/index.html]
[cdnjs.cloudflare.com/ajax/libs/materialize/1.0.0-rc.2/css/materialize.min.css]
[cdnjs.cloudflare.com/ajax/libs/venobox/1.8.3/venobox.min.css]
[rlwebdev.github.io/deloitte_demo/lib/styles.css]
[rlwebdev.github.io/deloitte_demo/digital-business-models/lib/materialize.css]
[rlwebdev.github.io/deloitte_demo/digital-business-models/lib/plyr.css]
[rlwebdev.github.io/deloitte_demo/digital-business-models/lib/menu.css]
[ajax.googleapis.com/ajax/libs/jquery/3.2.1/jquery.min.js]
[rlwebdev.github.io/deloitte_demo/digital-business-models/lib/materialize.js]
[rlwebdev.github.io/deloitte_demo/digital-business-models/lib/menu.js]
[cdn.polyfill.io/v2/polyfill.min7fc9.js]
[rlwebdev.github.io/deloitte_demo/digital-business-models/lib/plyr.min.js]
[rlwebdev.github.io/deloitte_demo/digital-business-models/lib/common.js]
[rlwebdev.github.io/deloitte_demo/digital-business-models/index.html]
[rlwebdev.github.io/deloitte_demo/digital-business-models/lib/materialize.css]
[rlwebdev.github.io/deloitte_demo/digital-business-models/lib/plyr.css]
[rlwebdev.github.io/deloitte_demo/digital-business-models/lib/menu.css]
